[    0.000000] Linux version 4.18.0-21-generic (buildd@lcy01-amd64-030) (gcc version 8.2.0 (Ubuntu 8.2.0-7ubuntu1)) #22-Ubuntu SMP Wed May 15 13:13:21 UTC 2019 (Ubuntu 4.18.0-21.22-generic 4.18.20)
[    0.000000] Command line: BOOT_IMAGE=/boot/vmlinuz-4.18.0-21-generic root=LABEL=cloudimg-rootfs ro console=tty1 console=ttyS0
[    0.000000] KERNEL supported cpus:
[    0.000000]   Intel GenuineIntel
[    0.000000]   AMD AuthenticAMD
[    0.000000]   Centaur CentaurHauls
[    0.000000] x86/fpu: Supporting XSAVE feature 0x001: 'x87 floating point registers'
[    0.000000] x86/fpu: Supporting XSAVE feature 0x002: 'SSE registers'
[    0.000000] x86/fpu: Supporting XSAVE feature 0x004: 'AVX registers'
[    0.000000] x86/fpu: xstate_offset[2]:  576, xstate_sizes[2]:  256
[    0.000000] x86/fpu: Enabled xstate features 0x7, context size is 832 bytes, using 'standard' format.
[    0.000000] BIOS-provided physical RAM map:
[    0.000000] BIOS-e820: [mem 0x0000000000000000-0x000000000009fbff] usable
[    0.000000] BIOS-e820: [mem 0x000000000009fc00-0x000000000009ffff] reserved
[    0.000000] BIOS-e820: [mem 0x00000000000f0000-0x00000000000fffff] reserved
[    0.000000] BIOS-e820: [mem 0x0000000000100000-0x000000003ffeffff] usable
[    0.000000] BIOS-e820: [mem 0x000000003fff0000-0x000000003fffffff] ACPI data
[    0.000000] BIOS-e820: [mem 0x00000000fec00000-0x00000000fec00fff] reserved
[    0.000000] BIOS-e820: [mem 0x00000000fee00000-0x00000000fee00fff] reserved
[    0.000000] BIOS-e820: [mem 0x00000000fffc0000-0x00000000ffffffff] reserved
[    0.000000] NX (Execute Disable) protection: active
[    0.000000] SMBIOS 2.5 present.
[    0.000000] DMI: innotek GmbH VirtualBox/VirtualBox, BIOS VirtualBox 12/01/2006
[    0.000000] Hypervisor detected: KVM
[    0.000000] last_pfn = 0x3fff0 max_arch_pfn = 0x400000000
[    0.000000] Disabled
[    0.000000] x86/PAT: MTRRs disabled, skipping PAT initialization too.
[    0.000000] CPU MTRRs all blank - virtualized system.
[    0.000000] x86/PAT: Configuration [0-7]: WB  WT  UC- UC  WB  WT  UC- UC  
[    0.000000] found SMP MP-table at [mem 0x0009fff0-0x0009ffff] mapped at [(____ptrval____)]
[    0.000000] Scanning 1 areas for low memory corruption
[    0.000000] RAMDISK: [mem 0x35a09000-0x36cfbfff]
[    0.000000] ACPI: Early table checksum verification disabled
[    0.000000] ACPI: RSDP 0x00000000000E0000 000024 (v02 VBOX  )
[    0.000000] ACPI: XSDT 0x000000003FFF0030 00003C (v01 VBOX   VBOXXSDT 00000001 ASL  00000061)
[    0.000000] ACPI: FACP 0x000000003FFF00F0 0000F4 (v04 VBOX   VBOXFACP 00000001 ASL  00000061)
[    0.000000] ACPI: DSDT 0x000000003FFF0470 0022EA (v02 VBOX   VBOXBIOS 00000002 INTL 20190509)
[    0.000000] ACPI: FACS 0x000000003FFF0200 000040
[    0.000000] ACPI: FACS 0x000000003FFF0200 000040
[    0.000000] ACPI: APIC 0x000000003FFF0240 00005C (v02 VBOX   VBOXAPIC 00000001 ASL  00000061)
[    0.000000] ACPI: SSDT 0x000000003FFF02A0 0001CC (v01 VBOX   VBOXCPUT 00000002 INTL 20190509)
[    0.000000] No NUMA configuration found
[    0.000000] Faking a node at [mem 0x0000000000000000-0x000000003ffeffff]
[    0.000000] NODE_DATA(0) allocated [mem 0x3ffc5000-0x3ffeffff]
[    0.000000] kvm-clock: cpu 0, msr 0:3ff44001, primary cpu clock
[    0.000000] kvm-clock: Using msrs 4b564d01 and 4b564d00
[    0.000000] kvm-clock: using sched offset of 3490326673 cycles
[    0.000000] clocksource: kvm-clock: mask: 0xffffffffffffffff max_cycles: 0x1cd42e4dffb, max_idle_ns: 881590591483 ns
[    0.000000] Zone ranges:
[    0.000000]   DMA      [mem 0x0000000000001000-0x0000000000ffffff]
[    0.000000]   DMA32    [mem 0x0000000001000000-0x000000003ffeffff]
[    0.000000]   Normal   empty
[    0.000000]   Device   empty
[    0.000000] Movable zone start for each node
[    0.000000] Early memory node ranges
[    0.000000]   node   0: [mem 0x0000000000001000-0x000000000009efff]
[    0.000000]   node   0: [mem 0x0000000000100000-0x000000003ffeffff]
[    0.000000] Reserved but unavailable: 114 pages
[    0.000000] Initmem setup node 0 [mem 0x0000000000001000-0x000000003ffeffff]
[    0.000000] ACPI: PM-Timer IO Port: 0x4008
[    0.000000] IOAPIC[0]: apic_id 2, version 32, address 0xfec00000, GSI 0-23
[    0.000000] ACPI: INT_SRC_OVR (bus 0 bus_irq 0 global_irq 2 dfl dfl)
[    0.000000] ACPI: INT_SRC_OVR (bus 0 bus_irq 9 global_irq 9 low level)
[    0.000000] Using ACPI (MADT) for SMP configuration information
[    0.000000] smpboot: Allowing 2 CPUs, 0 hotplug CPUs
[    0.000000] PM: Registered nosave memory: [mem 0x00000000-0x00000fff]
[    0.000000] PM: Registered nosave memory: [mem 0x0009f000-0x0009ffff]
[    0.000000] PM: Registered nosave memory: [mem 0x000a0000-0x000effff]
[    0.000000] PM: Registered nosave memory: [mem 0x000f0000-0x000fffff]
[    0.000000] [mem 0x40000000-0xfebfffff] available for PCI devices
[    0.000000] Booting paravirtualized kernel on KVM
[    0.000000] clocksource: refined-jiffies: mask: 0xffffffff max_cycles: 0xffffffff, max_idle_ns: 7645519600211568 ns
[    0.000000] random: get_random_bytes called from start_kernel+0x99/0x55a with crng_init=0
[    0.000000] setup_percpu: NR_CPUS:8192 nr_cpumask_bits:2 nr_cpu_ids:2 nr_node_ids:1
[    0.000000] percpu: Embedded 46 pages/cpu @(____ptrval____) s151552 r8192 d28672 u1048576
[    0.000000] PV qspinlock hash table entries: 256 (order: 0, 4096 bytes)
[    0.000000] Built 1 zonelists, mobility grouping on.  Total pages: 257913
[    0.000000] Policy zone: DMA32
[    0.000000] Kernel command line: BOOT_IMAGE=/boot/vmlinuz-4.18.0-21-generic root=LABEL=cloudimg-rootfs ro console=tty1 console=ttyS0
[    0.000000] Memory: 983052K/1048120K available (12300K kernel code, 2633K rwdata, 4372K rodata, 2456K init, 2336K bss, 65068K reserved, 0K cma-reserved)
[    0.000000] SLUB: HWalign=64, Order=0-3, MinObjects=0, CPUs=2, Nodes=1
[    0.000000] Kernel/User page tables isolation: enabled
[    0.000000] ftrace: allocating 40826 entries in 160 pages
[    0.004000] Hierarchical RCU implementation.
[    0.004000] 	RCU restricting CPUs from NR_CPUS=8192 to nr_cpu_ids=2.
[    0.004000] 	Tasks RCU enabled.
[    0.004000] RCU: Adjusting geometry for rcu_fanout_leaf=16, nr_cpu_ids=2
[    0.004000] NR_IRQS: 524544, nr_irqs: 440, preallocated irqs: 16
[    0.004000] Console: colour VGA+ 80x25
[    0.004000] console [tty1] enabled
[    0.004000] console [ttyS0] enabled
[    0.004000] ACPI: Core revision 20180531
[    0.004000] APIC: Switch to symmetric I/O mode setup
[    0.004000] x2apic enabled
[    0.004000] Switched APIC routing to physical x2apic.
[    0.004000] ..TIMER: vector=0x30 apic1=0 pin1=2 apic2=-1 pin2=-1
[    0.004007] tsc: Detected 2711.998 MHz processor
[    0.005109] clocksource: tsc-early: mask: 0xffffffffffffffff max_cycles: 0x27178451938, max_idle_ns: 440795251172 ns
[    0.008005] Calibrating delay loop (skipped) preset value.. 5423.99 BogoMIPS (lpj=10847992)
[    0.009755] pid_max: default: 32768 minimum: 301
[    0.012054] Security Framework initialized
[    0.013197] Yama: becoming mindful.
[    0.013998] AppArmor: AppArmor initialized
[    0.016178] Dentry cache hash table entries: 131072 (order: 8, 1048576 bytes)
[    0.017801] Inode-cache hash table entries: 65536 (order: 7, 524288 bytes)
[    0.019305] Mount-cache hash table entries: 2048 (order: 2, 16384 bytes)
[    0.020013] Mountpoint-cache hash table entries: 2048 (order: 2, 16384 bytes)
[    0.022059] mce: CPU supports 0 MCE banks
[    0.022955] Last level iTLB entries: 4KB 64, 2MB 8, 4MB 8
[    0.024006] Last level dTLB entries: 4KB 64, 2MB 0, 4MB 0, 1GB 4
[    0.025316] Spectre V2 : Mitigation: Full generic retpoline
[    0.026399] Spectre V2 : Spectre v2 / SpectreRSB mitigation: Filling RSB on context switch
[    0.028005] Speculative Store Bypass: Vulnerable
[    0.028939] MDS: Mitigation: Clear CPU buffers
[    0.029837] Freeing SMP alternatives memory: 36K
[    0.036000] smpboot: CPU0: Intel(R) Core(TM) i5-7300U CPU @ 2.60GHz (family: 0x6, model: 0x8e, stepping: 0x9)
[    0.036000] Performance Events: unsupported p6 CPU model 142 no PMU driver, software events only.
[    0.036000] Hierarchical SRCU implementation.
[    0.036560] NMI watchdog: Perf event create on CPU 0 failed with -2
[    0.037826] NMI watchdog: Perf NMI watchdog permanently disabled
[    0.038751] smp: Bringing up secondary CPUs ...
[    0.039515] x86: Booting SMP configuration:
[    0.040004] .... node  #0, CPUs:      #1
[    0.004000] kvm-clock: cpu 1, msr 0:3ff44041, secondary cpu clock
[    0.004000] mce: CPU supports 0 MCE banks
[    0.044026] smp: Brought up 1 node, 2 CPUs
[    0.044733] smpboot: Max logical packages: 1
[    0.045367] smpboot: Total of 2 processors activated (10847.99 BogoMIPS)
[    0.046466] devtmpfs: initialized
[    0.048059] x86/mm: Memory block size: 128MB
[    0.048875] clocksource: jiffies: mask: 0xffffffff max_cycles: 0xffffffff, max_idle_ns: 7645041785100000 ns
[    0.049882] futex hash table entries: 512 (order: 3, 32768 bytes)
[    0.052087] pinctrl core: initialized pinctrl subsystem
[    0.053270] RTC time: 15:37:52, date: 06/17/19
[    0.054222] NET: Registered protocol family 16
[    0.055109] audit: initializing netlink subsys (disabled)
[    0.056032] audit: type=2000 audit(1560785877.327:1): state=initialized audit_enabled=0 res=1
[    0.057354] cpuidle: using governor ladder
[    0.057354] cpuidle: using governor menu
[    0.057586] ACPI: bus type PCI registered
[    0.060008] acpiphp: ACPI Hot Plug PCI Controller Driver version: 0.5
[    0.061057] PCI: Using configuration type 1 for base access
[    0.061911] HugeTLB registered 2.00 MiB page size, pre-allocated 0 pages
[    0.064081] ACPI: Added _OSI(Module Device)
[    0.064721] ACPI: Added _OSI(Processor Device)
[    0.065400] ACPI: Added _OSI(3.0 _SCP Extensions)
[    0.066216] ACPI: Added _OSI(Processor Aggregator Device)
[    0.068006] ACPI: Added _OSI(Linux-Dell-Video)
[    0.068809] ACPI: Added _OSI(Linux-Lenovo-NV-HDMI-Audio)
[    0.072256] ACPI: 2 ACPI AML tables successfully acquired and loaded
[    0.075210] ACPI: Interpreter enabled
[    0.075936] ACPI: (supports S0 S5)
[    0.076005] ACPI: Using IOAPIC for interrupt routing
[    0.077154] PCI: Using host bridge windows from ACPI; if necessary, use "pci=nocrs" and report a bug
[    0.078880] ACPI: Enabled 2 GPEs in block 00 to 07
[    0.085552] ACPI: PCI Root Bridge [PCI0] (domain 0000 [bus 00-ff])
[    0.086660] acpi PNP0A03:00: _OSC: OS supports [ASPM ClockPM Segments MSI]
[    0.088356] acpi PNP0A03:00: _OSC: not requesting OS control; OS requires [ExtendedConfig ASPM ClockPM MSI]
[    0.090062] acpi PNP0A03:00: fail to add MMCONFIG information, can't access extended PCI configuration space under this bridge.
[    0.092346] PCI host bridge to bus 0000:00
[    0.092993] pci_bus 0000:00: root bus resource [io  0x0000-0x0cf7 window]
[    0.093980] pci_bus 0000:00: root bus resource [io  0x0d00-0xffff window]
[    0.095001] pci_bus 0000:00: root bus resource [mem 0x000a0000-0x000bffff window]
[    0.096003] pci_bus 0000:00: root bus resource [mem 0x40000000-0xfdffffff window]
[    0.097273] pci_bus 0000:00: root bus resource [bus 00-ff]
[    0.100811] pci 0000:00:01.1: legacy IDE quirk: reg 0x10: [io  0x01f0-0x01f7]
[    0.102060] pci 0000:00:01.1: legacy IDE quirk: reg 0x14: [io  0x03f6]
[    0.103204] pci 0000:00:01.1: legacy IDE quirk: reg 0x18: [io  0x0170-0x0177]
[    0.104003] pci 0000:00:01.1: legacy IDE quirk: reg 0x1c: [io  0x0376]
[    0.127265] pci 0000:00:07.0: quirk: [io  0x4000-0x403f] claimed by PIIX4 ACPI
[    0.128015] pci 0000:00:07.0: quirk: [io  0x4100-0x410f] claimed by PIIX4 SMB
[    0.143929] ACPI: PCI Interrupt Link [LNKA] (IRQs 5 9 10 *11)
[    0.144303] ACPI: PCI Interrupt Link [LNKB] (IRQs 5 9 *10 11)
[    0.145622] ACPI: PCI Interrupt Link [LNKC] (IRQs 5 *9 10 11)
[    0.146809] ACPI: PCI Interrupt Link [LNKD] (IRQs 5 9 10 *11)
[    0.148435] SCSI subsystem initialized
[    0.149087] pci 0000:00:02.0: vgaarb: setting as boot VGA device
[    0.149087] pci 0000:00:02.0: vgaarb: VGA device added: decodes=io+mem,owns=io+mem,locks=none
[    0.152012] pci 0000:00:02.0: vgaarb: bridge control possible
[    0.152868] vgaarb: loaded
[    0.153423] ACPI: bus type USB registered
[    0.154180] usbcore: registered new interface driver usbfs
[    0.155006] usbcore: registered new interface driver hub
[    0.156037] usbcore: registered new device driver usb
[    0.156997] pps_core: LinuxPPS API ver. 1 registered
[    0.157795] pps_core: Software ver. 5.3.6 - Copyright 2005-2007 Rodolfo Giometti <giometti@linux.it>
[    0.159130] PTP clock support registered
[    0.160076] EDAC MC: Ver: 3.0.0
[    0.160740] PCI: Using ACPI for IRQ routing
[    0.161285] NetLabel: Initializing
[    0.161843] NetLabel:  domain hash size = 128
[    0.162578] NetLabel:  protocols = UNLABELED CIPSOv4 CALIPSO
[    0.164028] NetLabel:  unlabeled traffic allowed by default
[    0.164868] clocksource: Switched to clocksource kvm-clock
[    0.176986] VFS: Disk quotas dquot_6.6.0
[    0.177636] VFS: Dquot-cache hash table entries: 512 (order 0, 4096 bytes)
[    0.179321] AppArmor: AppArmor Filesystem Enabled
[    0.180268] pnp: PnP ACPI init
[    0.181783] pnp: PnP ACPI: found 3 devices
[    0.192119] clocksource: acpi_pm: mask: 0xffffff max_cycles: 0xffffff, max_idle_ns: 2085701024 ns
[    0.193757] NET: Registered protocol family 2
[    0.194775] tcp_listen_portaddr_hash hash table entries: 512 (order: 1, 8192 bytes)
[    0.196170] TCP established hash table entries: 8192 (order: 4, 65536 bytes)
[    0.197240] TCP bind hash table entries: 8192 (order: 5, 131072 bytes)
[    0.198193] TCP: Hash tables configured (established 8192 bind 8192)
[    0.199223] UDP hash table entries: 512 (order: 2, 16384 bytes)
[    0.200186] UDP-Lite hash table entries: 512 (order: 2, 16384 bytes)
[    0.201147] NET: Registered protocol family 1
[    0.201825] NET: Registered protocol family 44
[    0.202505] pci 0000:00:00.0: Limiting direct PCI/PCI transfers
[    0.203563] pci 0000:00:01.0: Activating ISA DMA hang workarounds
[    0.204710] pci 0000:00:02.0: Video device with shadowed ROM at [mem 0x000c0000-0x000dffff]
[    0.206447] Unpacking initramfs...
[    0.509268] Freeing initrd memory: 19404K
[    0.509995] clocksource: tsc: mask: 0xffffffffffffffff max_cycles: 0x27178451938, max_idle_ns: 440795251172 ns
[    0.511467] platform rtc_cmos: registered platform RTC device (no PNP device found)
[    0.512671] Scanning for low memory corruption every 60 seconds
[    0.514126] Initialise system trusted keyrings
[    0.514830] Key type blacklist registered
[    0.515519] workingset: timestamp_bits=36 max_order=18 bucket_order=0
[    0.517742] zbud: loaded
[    0.518683] squashfs: version 4.0 (2009/01/31) Phillip Lougher
[    0.519833] fuse init (API version 7.27)
[    0.520631] pstore: using deflate compression
[    0.523575] Key type asymmetric registered
[    0.524542] Asymmetric key parser 'x509' registered
[    0.525324] Block layer SCSI generic (bsg) driver version 0.4 loaded (major 244)
[    0.526485] io scheduler noop registered
[    0.527090] io scheduler deadline registered
[    0.527763] io scheduler cfq registered (default)
[    0.528661] shpchp: Standard Hot Plug PCI Controller Driver version: 0.4
[    0.529994] ACPI: AC Adapter [AC] (off-line)
[    0.530820] input: Power Button as /devices/LNXSYSTM:00/LNXPWRBN:00/input/input0
[    0.532285] ACPI: Power Button [PWRF]
[    0.533044] input: Sleep Button as /devices/LNXSYSTM:00/LNXSLPBN:00/input/input1
[    0.534370] ACPI: Sleep Button [SLPF]
[    0.536086] Serial: 8250/16550 driver, 32 ports, IRQ sharing enabled
[    0.536192] ACPI: Battery Slot [BAT0] (battery present)
[    0.559849] 00:02: ttyS0 at I/O 0x3f8 (irq = 4, base_baud = 115200) is a 16550A
[    0.562013] Linux agpgart interface v0.103
[    0.563674] loop: module loaded
[    0.564891] scsi host0: ata_piix
[    0.565504] scsi host1: ata_piix
[    0.566011] ata1: PATA max UDMA/33 cmd 0x1f0 ctl 0x3f6 bmdma 0xd000 irq 14
[    0.566952] ata2: PATA max UDMA/33 cmd 0x170 ctl 0x376 bmdma 0xd008 irq 15
[    0.568269] libphy: Fixed MDIO Bus: probed
[    0.568937] tun: Universal TUN/TAP device driver, 1.6
[    0.569767] PPP generic driver version 2.4.2
[    0.570447] ehci_hcd: USB 2.0 'Enhanced' Host Controller (EHCI) Driver
[    0.571389] ehci-pci: EHCI PCI platform driver
[    0.572439] ehci-platform: EHCI generic platform driver
[    0.573222] ohci_hcd: USB 1.1 'Open' Host Controller (OHCI) Driver
[    0.574109] ohci-pci: OHCI PCI platform driver
[    0.574792] ohci-platform: OHCI generic platform driver
[    0.575560] uhci_hcd: USB Universal Host Controller Interface driver
[    0.576546] i8042: PNP: PS/2 Controller [PNP0303:PS2K,PNP0f03:PS2M] at 0x60,0x64 irq 1,12
[    0.578185] serio: i8042 KBD port at 0x60,0x64 irq 1
[    0.578950] serio: i8042 AUX port at 0x60,0x64 irq 12
[    0.579965] mousedev: PS/2 mouse device common for all mice
[    0.581342] input: AT Translated Set 2 keyboard as /devices/platform/i8042/serio0/input/input2
[    0.583060] rtc_cmos rtc_cmos: registered as rtc0
[    0.583937] rtc_cmos rtc_cmos: alarms up to one day, 114 bytes nvram
[    0.585124] i2c /dev entries driver
[    0.585847] device-mapper: uevent: version 1.0.3
[    0.586736] device-mapper: ioctl: 4.39.0-ioctl (2018-04-03) initialised: dm-devel@redhat.com
[    0.588499] ledtrig-cpu: registered to indicate activity on CPUs
[    0.589771] NET: Registered protocol family 10
[    0.595088] Segment Routing with IPv6
[    0.596118] NET: Registered protocol family 17
[    0.596860] Key type dns_resolver registered
[    0.597672] RAS: Correctable Errors collector initialized.
[    0.598502] sched_clock: Marking stable (597604246, 0)->(852049659, -254445413)
[    0.599837] registered taskstats version 1
[    0.600508] Loading compiled-in X.509 certificates
[    0.603930] Loaded X.509 cert 'Build time autogenerated kernel key: c536f955315cf220b29feeadf5e3fd18c286c756'
[    0.605606] zswap: loaded using pool lzo/zbud
[    0.610103] Key type big_key registered
[    0.610875] Key type trusted registered
[    0.613512] Key type encrypted registered
[    0.614150] AppArmor: AppArmor sha1 policy hashing enabled
[    0.614969] ima: No TPM chip found, activating TPM-bypass! (rc=-19)
[    0.615911] ima: Allocated hash algorithm: sha1
[    0.616658] evm: Initialising EVM extended attributes:
[    0.617451] evm: security.selinux
[    0.618000] evm: security.SMACK64
[    0.618665] evm: security.SMACK64EXEC
[    0.619362] evm: security.SMACK64TRANSMUTE
[    0.620141] evm: security.SMACK64MMAP
[    0.620831] evm: security.apparmor
[    0.621489] evm: security.ima
[    0.622813] evm: security.capability
[    0.623369] evm: HMAC attrs: 0x1
[    0.624236]   Magic number: 7:449:639
[    0.625036] rtc_cmos rtc_cmos: setting system clock to 2019-06-17 15:37:53 UTC (1560785873)
[    0.733103] Freeing unused kernel image memory: 2456K
[    0.744697] Write protecting the kernel read-only data: 20480k
[    0.747741] Freeing unused kernel image memory: 2008K
[    0.749766] Freeing unused kernel image memory: 1772K
[    0.765602] x86/mm: Checked W+X mappings: passed, no W+X pages found.
[    0.767454] x86/mm: Checking user space page tables
[    0.783323] x86/mm: Checked W+X mappings: passed, no W+X pages found.
Loading, please wait...
starting version 239
[    0.914946] Fusion MPT base driver 3.04.20
[    0.916843] Copyright (c) 1999-2008 LSI Corporation
[    0.929641] cryptd: max_cpu_qlen set to 1000
[    0.942121] e1000: Intel(R) PRO/1000 Network Driver - version 7.3.21-k8-NAPI
[    0.945403] e1000: Copyright (c) 1999-2006 Intel Corporation.
[    0.960783] AVX2 version of gcm_enc/dec engaged.
[    0.964418] AES CTR mode by8 optimization enabled
[    0.966341] Fusion MPT SPI Host driver 3.04.20
[    0.982072] mptbase: ioc0: Initiating bringup
[    1.076346] ioc0: LSI53C1030 A0: Capabilities={Initiator}
[    1.130433] input: ImExPS/2 Generic Explorer Mouse as /devices/platform/i8042/serio1/input/input4
[    1.325916] scsi host2: ioc0: LSI53C1030 A0, FwRev=00000000h, Ports=1, MaxQ=256, IRQ=20
[    1.359923] e1000 0000:00:03.0 eth0: (PCI:33MHz:32-bit) 02:27:54:d8:94:4e
[    1.361127] e1000 0000:00:03.0 eth0: Intel(R) PRO/1000 Network Connection
[    1.362941] e1000 0000:00:03.0 enp0s3: renamed from eth0
[    1.492804] scsi 2:0:0:0: Direct-Access     VBOX     HARDDISK         1.0  PQ: 0 ANSI: 5
[    1.524136] scsi target2:0:0: Beginning Domain Validation
[    1.528091] scsi target2:0:0: Domain Validation skipping write tests
[    1.529813] scsi target2:0:0: Ending Domain Validation
[    1.531361] scsi target2:0:0: asynchronous
[    1.533610] scsi 2:0:1:0: Direct-Access     VBOX     HARDDISK         1.0  PQ: 0 ANSI: 5
[    1.564349] scsi target2:0:1: Beginning Domain Validation
[    1.568210] random: fast init done
[    1.570064] scsi target2:0:1: Domain Validation skipping write tests
[    1.571957] scsi target2:0:1: Ending Domain Validation
[    1.573961] scsi target2:0:1: asynchronous
[    1.581683] random: systemd-udevd: uninitialized urandom read (16 bytes read)
[    1.583567] random: systemd-udevd: uninitialized urandom read (16 bytes read)
[    1.585585] sd 2:0:0:0: Attached scsi generic sg0 type 0
[    1.585611] random: systemd-udevd: uninitialized urandom read (16 bytes read)
[    1.590316] sd 2:0:0:0: [sda] 20971520 512-byte logical blocks: (10.7 GB/10.0 GiB)
[    1.592592] sd 2:0:1:0: Attached scsi generic sg1 type 0
[    1.592598] sd 2:0:0:0: [sda] Write Protect is off
[    1.597480] sd 2:0:1:0: [sdb] 20480 512-byte logical blocks: (10.5 MB/10.0 MiB)
[    1.599665] sd 2:0:1:0: [sdb] Write Protect is off
[    1.601027] sd 2:0:0:0: [sda] Incomplete mode parameter data
[    1.602572] sd 2:0:0:0: [sda] Assuming drive cache: write through
[    1.604805] sd 2:0:1:0: [sdb] Incomplete mode parameter data
[    1.606299] sd 2:0:1:0: [sdb] Assuming drive cache: write through
[    1.609626]  sda: sda1
[    1.612113] sd 2:0:0:0: [sda] Attached SCSI disk
[    1.613721] sd 2:0:1:0: [sdb] Attached SCSI disk
Begin: Loading essential drivers ... [    3.484107] raid6: sse2x1   gen()  5975 MB/s
[    3.532075] raid6: sse2x1   xor()  3935 MB/s
[    3.580453] raid6: sse2x2   gen()  5195 MB/s
[    3.628960] raid6: sse2x2   xor()  4342 MB/s
[    3.676095] raid6: sse2x4   gen()  6319 MB/s
[    3.724272] raid6: sse2x4   xor()  4981 MB/s
[    3.772222] raid6: avx2x1   gen() 14024 MB/s
[    3.820309] raid6: avx2x1   xor()  9074 MB/s
[    3.868078] raid6: avx2x2   gen() 11651 MB/s
[    3.916061] raid6: avx2x2   xor()  8727 MB/s
[    3.964154] raid6: avx2x4   gen() 20557 MB/s
[    4.012149] raid6: avx2x4   xor()  9395 MB/s
[    4.013171] raid6: using algorithm avx2x4 gen() 20557 MB/s
[    4.014139] raid6: .... xor() 9395 MB/s, rmw enabled
[    4.015035] raid6: using avx2x2 recovery algorithm
[    4.017376] xor: automatically using best checksumming function   avx       
[    4.022267] async_tx: api initialized (async)
done.
Begin: Running /scripts/init-premount ... done.
Begin: Mounting root file system ... Begin: Running /scripts/local-top ... done.
Begin: Running /scripts/local-premount ... [    4.099259] Btrfs loaded, crc32c=crc32c-intel
Scanning for Btrfs filesystems
done.
Warning: fsck not present, so skipping root file system
[    4.138361] EXT4-fs (sda1): mounted filesystem with ordered data mode. Opts: (null)
done.
Begin: Running /scripts/local-bottom ... done.
Begin: Running /scripts/init-bottom ... done.
[    4.379138] systemd[1]: systemd 239 running in system mode. (+PAM +AUDIT +SELINUX +IMA +APPARMOR +SMACK +SYSVINIT +UTMP +LIBCRYPTSETUP +GCRYPT +GNUTLS +ACL +XZ +LZ4 +SECCOMP +BLKID +ELFUTILS +KMOD -IDN2 +IDN -PCRE2 default-hierarchy=hybrid)
[    4.387084] systemd[1]: Detected virtualization oracle.
[    4.388793] systemd[1]: Detected architecture x86-64.

Welcome to [1mUbuntu 18.10[0m!

[    4.400114] systemd[1]: Set hostname to <ubuntu>.
[    4.404535] systemd[1]: Initializing machine ID from random generator.
[    4.406380] systemd[1]: Installed transient /etc/machine-id file.
[    4.803331] systemd[1]: Listening on Journal Socket.
[[0;32m  OK  [0m] Listening on Journal Socket.
[    4.811848] systemd[1]: Starting Create list of required static device nodes for the current kernel...
         Starting Create list of required stâ€¦ce nodes for the current kernel...
[    4.817763] systemd[1]: Listening on Journal Socket (/dev/log).
[[0;32m  OK  [0m] Listening on Journal Socket (/dev/log).
[    4.822103] systemd[1]: Reached target System Time Synchronized.
[[0;32m  OK  [0m] Reached target System Time Synchronized.
         Starting Set the console keyboard layout...
         Mounting Kernel Debug File System...
[[0;32m  OK  [0m] Reached target Swap.
         Starting Load Kernel Modules...
[[0;32m  OK  [0m] Listening on Device-mapper event daemon FIFOs.
[[0;32m  OK  [0m] Reached target User and Group Name Lookups.
[[0;32m  OK  [0m] Listening on LVM2 metadata daemon socket.
         Starting Monitoring of LVM2 mirrorsâ€¦ng dmeventd or progress polling...
[[0;32m  OK  [0m] Set up automount Arbitrary Executabâ€¦rmats File System Automount Point.
[[0;32m  OK  [0m] Created slice User and Session Slice.
[[0;32m  OK  [0m] Reached target Slices.
[[0;32m  OK  [0m] Listening on Network Service Netlink Socket.
[[0;32m  OK  [0m] Listening on LVM2 poll daemon socket.
         Starting Remount Root and Kernel File Systems...
[[0;32m  OK  [0m] Listening on udev Control Socket.
         Starting Uncomplicated firewall...
[[0;32m  OK  [0m] Created slice system-serial\x2dgetty.slice.
[[0;32m  OK  [0m] Listening on initctl Compatibility Named Pipe.
[    4.887076] Loading iSCSI transport class v2.0-870.
[[0;32m  OK  [0m] Listening on Journal Audit Socket.
[[0;32m  OK  [0m] Listening on Syslog Socket.
         Starting Journal Service...
[    4.901088] iscsi: registered transport (tcp)
[[0;32m  OK  [0m] Listening on udev Kernel Socket.
         Starting udev Coldplug all Devices...
[[0;32m  OK  [0m] [    4.942745] EXT4-fs (sda1): re-mounted. Opts: (null)
Started Forward Password Requests to Wall Directory Watch.
         Mounting POSIX Message Queue File System...
         Mounting Huge Pages File System...
[    5.003817] iscsi: registered transport (iser)
[[0;32m  OK  [0m] Started Create list of required staâ€¦vice nodes for the current kernel.
[[0;32m  OK  [0m] Mounted Kernel Debug File System.
[[0;32m  OK  [0m] Started Load Kernel Modules.
[[0;32m  OK  [0m] Started Remount Root and Kernel File Systems.
[[0;32m  OK  [0m] Started Uncomplicated firewall.
[[0;32m  OK  [0m] Mounted POSIX Message Queue File System.
[[0;32m  OK  [0m] Mounted Huge Pages File System.
[[0;32m  OK  [0m] Started LVM2 metadata daemon.
         Starting Create System Users...
         Starting Load/Save Random Seed...
         Starting Apply Kernel Variables...
         Mounting Kernel Configuration File System...
         Mounting FUSE Control File System...
[[0;32m  OK  [0m] Started Monitoring of LVM2 mirrors,â€¦sing dmeventd or progress polling.
[[0;32m  OK  [0m] Started Set the console keyboard layout.
[[0;32m  OK  [0m] Started Create System Users.
[[0;32m  OK  [0m] Started Load/Save Random Seed.
[[0;32m  OK  [0m] Mounted Kernel Configuration File System.
[[0;32m  OK  [0m] Mounted FUSE Control File System.
         Starting Create Static Device Nodes in /dev...
[[0;32m  OK  [0m] Started udev Coldplug all Devices.
[[0;32m  OK  [0m] Started Apply Kernel Variables.
[[0;32m  OK  [0m] Started Create Static Device Nodes in /dev.
[[0;32m  OK  [0m] Reached target Local File Systems (Pre).
[[0;32m  OK  [0m] Reached target Local File Systems.
         Starting Set console font and keymap...
         Starting Commit a transient machine-id on disk...
         Starting Tell Plymouth To Write Out Runtime Data...
         Starting Create final runtime dir for shutdown pivot root...
         Starting GRUB failed boot detection...
         Starting AppArmor initialization...
         Starting udev Kernel Device Manager...
[[0;32m  OK  [0m] Started Create final runtime dir for shutdown pivot root.
[[0;32m  OK  [0m] Started Set console font and keymap.
[[0;32m  OK  [0m] Started Tell Plymouth To Write Out Runtime Data.
[[0;32m  OK  [0m] Started GRUB failed boot detection.
[[0;32m  OK  [0m] Started udev Kernel Device Manager.
[[0;32m  OK  [0m] Started Dispatch Password Requests to Console Directory Watch.
[[0;32m  OK  [0m] Reached target Local Encrypted Volumes.
[[0;32m  OK  [0m] Started Commit a transient machine-id on disk.
[[0;32m  OK  [0m] Started Journal Service.
         Starting Flush Journal to Persistent Storage...
[[0;32m  OK  [0m] Started Flush Journal to Persistent Storage.
         Starting Create Volatile Files and Directories...
[[0;32m  OK  [0m] Started Create Volatile Files and Directories.
         Starting Update UTMP about System Boot/Shutdown...
[[0;32m  OK  [0m] Started Update UTMP about System Boot/Shutdown.
[[0;32m  OK  [0m] Found device /dev/ttyS0.
[[0;32m  OK  [0m] Listening on Load/Save RF Kill Switch Status /dev/rfkill Watch.
[[0;32m  OK  [0m] Started AppArmor initialization.
         Starting Initial cloud-init job (pre-networking)...
[    7.683574] cloud-init[540]: Cloud-init v. 19.1-1-gbaa47854-0ubuntu1~18.10.1 running 'init-local' at Mon, 17 Jun 2019 15:38:00 +0000. Up 7.24 seconds.
[[0;32m  OK  [0m] Started Initial cloud-init job (pre-networking).
[[0;32m  OK  [0m] Reached target Network (Pre).
         Starting Network Service...
[[0;32m  OK  [0m] Started Network Service.
         Starting Network Name Resolution...
         Starting Wait for Network to be Configured...
[[0;32m  OK  [0m] Started Network Name Resolution.
[[0;32m  OK  [0m] Reached target Host and Network Name Lookups.
[[0;32m  OK  [0m] Reached target Network.
[[0;32m  OK  [0m] Started Wait for Network to be Configured.
         Starting Initial cloud-init job (metadata service crawler)...
[    9.945942] cloud-init[660]: Cloud-init v. 19.1-1-gbaa47854-0ubuntu1~18.10.1 running 'init' at Mon, 17 Jun 2019 15:38:02 +0000. Up 9.79 seconds.
[    9.948118] cloud-init[660]: ci-info: ++++++++++++++++++++++++++++++++++++++Net device info++++++++++++++++++++++++++++++++++++++
[    9.960257] cloud-init[660]: ci-info: +--------+------+----------------------------+---------------+--------+-------------------+
[    9.972292] cloud-init[660]: ci-info: | Device |  Up  |          Address           |      Mask     | Scope  |     Hw-Address    |
[    9.974676] cloud-init[660]: ci-info: +--------+------+----------------------------+---------------+--------+-------------------+
[    9.988335] cloud-init[660]: ci-info: | enp0s3 | True |         10.0.2.15          | 255.255.255.0 | global | 02:27:54:d8:94:4e |
[    9.990683] cloud-init[660]: ci-info: | enp0s3 | True | fe80::27:54ff:fed8:944e/64 |       .       |  link  | 02:27:54:d8:94:4e |
[    9.992653] cloud-init[660]: ci-info: |   lo   | True |         127.0.0.1          |   255.0.0.0   |  host  |         .         |
[    9.994662] cloud-init[660]: ci-info: |   lo   | True |          ::1/128           |       .       |  host  |         .         |
[    9.996646] cloud-init[660]: ci-info: +--------+------+----------------------------+---------------+--------+-------------------+
[    9.998492] cloud-init[660]: ci-info: ++++++++++++++++++++++++++++Route IPv4 info+++++++++++++++++++++++++++++
[   10.003950] cloud-init[660]: ci-info: +-------+-------------+----------+-----------------+-----------+-------+
[   10.005433] cloud-init[660]: ci-info: | Route | Destination | Gateway  |     Genmask     | Interface | Flags |
[   10.007037] cloud-init[660]: ci-info: +-------+-------------+----------+-----------------+-----------+-------+
[   10.008839] cloud-init[660]: ci-info: |   0   |   0.0.0.0   | 10.0.2.2 |     0.0.0.0     |   enp0s3  |   UG  |
[   10.010527] cloud-init[660]: ci-info: |   1   |   10.0.2.0  | 0.0.0.0  |  255.255.255.0  |   enp0s3  |   U   |
[   10.012208] cloud-init[660]: ci-info: |   2   |   10.0.2.2  | 0.0.0.0  | 255.255.255.255 |   enp0s3  |   UH  |
[   10.013785] cloud-init[660]: ci-info: +-------+-------------+----------+-----------------+-----------+-------+
[   10.015524] cloud-init[660]: ci-info: +++++++++++++++++++Route IPv6 info+++++++++++++++++++
[   10.016521] cloud-init[660]: ci-info: +-------+-------------+---------+-----------+-------+
[   10.028249] cloud-init[660]: ci-info: | Route | Destination | Gateway | Interface | Flags |
[   10.029651] cloud-init[660]: ci-info: +-------+-------------+---------+-----------+-------+
[   10.031146] cloud-init[660]: ci-info: |   1   |  fe80::/64  |    ::   |   enp0s3  |   U   |
[   10.032263] cloud-init[660]: ci-info: |   3   |    local    |    ::   |   enp0s3  |   U   |
[   10.033407] cloud-init[660]: ci-info: |   4   |   ff00::/8  |    ::   |   enp0s3  |   U   |
[   10.036698] cloud-init[660]: ci-info: +-------+-------------+---------+-----------+-------+
[   11.421557] cloud-init[660]: Generating public/private rsa key pair.
[   11.422444] cloud-init[660]: Your identification has been saved in /etc/ssh/ssh_host_rsa_key.
[   11.423528] cloud-init[660]: Your public key has been saved in /etc/ssh/ssh_host_rsa_key.pub.
[   11.424668] cloud-init[660]: The key fingerprint is:
[   11.425321] cloud-init[660]: SHA256:NVR7WbJ9UltHXchggmOTiMjUTR0+UiSaGPDwCwD6mKE root@ubuntu-cosmic
[   11.426425] cloud-init[660]: The key's randomart image is:
[   11.427264] cloud-init[660]: +---[RSA 2048]----+
[   11.428032] cloud-init[660]: |*+oo +o+++o.+o.oX|
[   11.428764] cloud-init[660]: |o+ooooo+B. o .oB=|
[   11.429441] cloud-init[660]: |+ + o ..ooo . =.o|
[   11.430160] cloud-init[660]: |.* .   . o . . ..|
[   11.430879] cloud-init[660]: |E o     S        |
[   11.431577] cloud-init[660]: |                 |
[   11.432328] cloud-init[660]: |                 |
[   11.433162] cloud-init[660]: |                 |
[   11.436182] cloud-init[660]: |                 |
[   11.436947] cloud-init[660]: +----[SHA256]-----+
[   11.437692] cloud-init[660]: Generating public/private dsa key pair.
[   11.449478] cloud-init[660]: Your identification has been saved in /etc/ssh/ssh_host_dsa_key.
[   11.468333] cloud-init[660]: Your public key has been saved in /etc/ssh/ssh_host_dsa_key.pub.
[   11.470655] cloud-init[660]: The key fingerprint is:
[   11.471591] cloud-init[660]: SHA256:POz4fggH9YvppmZLQ6fHYDlPlm+Kczc03J9B4F5Od7I root@ubuntu-cosmic
[   11.472958] cloud-init[660]: The key's randomart image is:
[   11.473805] cloud-init[660]: +---[DSA 1024]----+
[   11.474585] cloud-init[660]: |                 |
[   11.485255] cloud-init[660]: |        .   .    |
[   11.486978] cloud-init[660]: |       . . . .   |
[   11.488254] cloud-init[660]: |      .+ .. . = o|
[   11.489076] cloud-init[660]: |      *.S+ + = +.|
[   11.489831] cloud-init[660]: |     o.%+o= o E  |
[   11.490477] cloud-init[660]: |      =+=oo. . o |
[   11.491426] cloud-init[660]: |     .+==o+   o  |
[   11.492255] cloud-init[660]: |     o+B+o .     |
[   11.492960] cloud-init[660]: +----[SHA256]-----+
[   11.493641] cloud-init[660]: Generating public/private ecdsa key pair.
[   11.494549] cloud-init[660]: Your identification has been saved in /etc/ssh/ssh_host_ecdsa_key.
[   11.495780] cloud-init[660]: Your public key has been saved in /etc/ssh/ssh_host_ecdsa_key.pub.
[   11.497030] cloud-init[660]: The key fingerprint is:
[   11.497733] cloud-init[660]: SHA256:6MtBOXXporaV3RdhbiwV6Et4q/FMMWzTn/j9Y0vm4P0 root@ubuntu-cosmic
[   11.509456] cloud-init[660]: The key's randomart image is:
[   11.510583] cloud-init[660]: +---[ECDSA 256]---+
[   11.511523] cloud-init[660]: |             ..  |
[   11.512532] cloud-init[660]: |           ..  . |
[   11.513626] cloud-init[660]: |        . o+ .+  |
[   11.514944] cloud-init[660]: |       + o. X=.. |
[   11.516045] cloud-init[660]: |      = S .+.**..|
[   11.517104] cloud-init[660]: |     o o +..++ o.|
[   11.518048] cloud-init[660]: |      = o .*..oo.|
[   11.519567] cloud-init[660]: |     o =  . +.*+.|
[   11.520615] cloud-init[660]: |      +      ..+E|
[   11.521648] cloud-init[660]: +----[SHA256]-----+
[   11.522625] cloud-init[660]: Generating public/private ed25519 key pair.
[   11.523963] cloud-init[660]: Your identification has been saved in /etc/ssh/ssh_host_ed25519_key.
[   11.525671] cloud-init[660]: Your public key has been saved in /etc/ssh/ssh_host_ed25519_key.pub.
[   11.527252] cloud-init[660]: The key fingerprint is:
[   11.528344] cloud-init[660]: SHA256:f2vBalFkiJ6n0maHP497+VFDnKt1Ds1JeS+lq2wfFVU root@ubuntu-cosmic
[[0;32m  OK  [0m] Started Initial cloud-init job (metadata service crawler).
[[0;32m  OK  [0m] Reached target Cloud-config availability.
[[0;32m  OK  [0m] Reached target Network is Online.
[   11.545605] cloud-init[660]: The key's randomart image is:
[   11.549600] cloud-init[660]: +--[ED25519 256]--+
[   11.550399] cloud-init[660]: |         . .    E|
[   11.551170] cloud-init[660]: |        . . o . +|
[   11.551930] cloud-init[660]: |       . . o   Bo|
[[   11.552725] cloud-init[660]: |        o . . o=*|
[   11.552870] cloud-init[660]: |       .S+ o  +=B|
[0;32m  OK  [0m] Reached target Remote File Systems (Pre).
[[   11.553224] cloud-init[660]: |      . *.o o oBo|
[   11.555357] cloud-init[660]: |       + o.o.++ .|
[   11.557109] cloud-init[660]: |          =+=o o |
[   11.557248] cloud-init[660]: |         .oB=oo  |
[   11.558054] cloud-init[660]: +----[SHA256]-----+
[0;32m  OK  [0m] Reached target Remote File Systems.
         Starting Availability of block devices...
[[0;32m  OK  [0m] Reached target System Initialization.
[[0;32m  OK  [0m] Listening on D-Bus System Message Bus Socket.
[[0;32m  OK  [0m] Listening on ACPID Listen Socket.
[[0;32m  OK  [0m] Started Daily rotation of log files.
         Starting Socket activation for snappy daemon.
[[0;32m  OK  [0m] Listening on Open-iSCSI iscsid Socket.
[[0;32m  OK  [0m] Started Daily apt download activities.
[[0;32m  OK  [0m] Listening on UUID daemon activation socket.
[[0;32m  OK  [0m] Started Message of the Day.
[[0;32m  OK  [0m] Started Discard unused blocks once a week.
[[0;32m  OK  [0m] Started Daily apt upgrade and clean activities.
[[0;32m  OK  [0m] Started Daily Cleanup of Temporary Directories.
[[0;32m  OK  [0m] Reached target Timers.
[[0;32m  OK  [0m] Started ACPI Events Check.
[[0;32m  OK  [0m] Reached target Paths.
[[0;32m  OK  [0m] Started Availability of block devices.
[[0;32m  OK  [0m] Listening on Socket activation for snappy daemon.
[[0;32m  OK  [0m] Reached target Sockets.
[[0;32m  OK  [0m] Reached target Basic System.
         Starting Pollinate to seed the pseudo random number generator...
[[0;32m  OK  [0m] Started D-Bus System Message Bus.
[[0;32m  OK  [0m] Started Deferred execution scheduler.
         Starting Login Service...
         Starting Dispatcher daemon for systemd-networkd...
         Starting LSB: Record successful boot for GRUB...
[[0;32m  OK  [0m] Started Regular background program processing daemon.
         Starting Virtualbox guest utils...
[[0;32m  OK  [0m] Started irqbalance daemon.
         Starting LSB: automatic crash report generation...
         Starting Snappy daemon...
         Starting Accounts Service...
         Starting Permit User Sessions...
         Starting System Logging Service...
[[0;32m  OK  [0m] Started Permit User Sessions.
[[0;32m  OK  [0m] Started LSB: Record successful boot for GRUB.
         Starting Terminate Plymouth Boot Screen...
         Starting Hold until boot process finishes up...
[[0;32m  OK  [0m] Started System Logging Service.
[[0;32m  OK  [0m] Started Hold until boot process finishes up.
[[0;32m  OK  [0m] Started Terminate Plymouth Boot Screen.
[[0;32m  OK  [0m] Started LSB: automatic crash report generation.
         Starting Set console scheme...
[[0;32m  OK  [0m] Started Serial Getty on ttyS0.
[[0;32m  OK  [0m] Started Set console scheme.
         Starting Authorization Manager...
[[0;32m  OK  [0m] Created slice system-getty.slice.
[[0;32m  OK  [0m] Started Getty on tty1.
[[0;32m  OK  [0m] Reached target Login Prompts.
[[0;32m  OK  [0m] Started Virtualbox guest utils.
[[0;32m  OK  [0m] Started Authorization Manager.
[[0;32m  OK  [0m] Started Accounts Service.
[[0;32m  OK  [0m] Started Snappy daemon.
         Starting Wait until snapd is fully seeded...
[[0;32m  OK  [0m] Started Dispatcher daemon for systemd-networkd.
[[0;32m  OK  [0m] Started Login Service.
[[0;32m  OK  [0m] Started Unattended Upgrades Shutdown.
[[0;32m  OK  [0m] Started Pollinate to seed the pseudo random number generator.
         Starting OpenBSD Secure Shell server...
[[0;32m  OK  [0m] Started OpenBSD Secure Shell server.
[[0;32m  OK  [0m] Created slice system-user\x2druntime\x2ddir.slice.
[[0;32m  OK  [0m] Created slice User Slice of UID 1000.
[[0;32m  OK  [0m] Started /run/user/1000 mount wrapper.
         Starting User Manager for UID 1000...
[[0;32m  OK  [0m] Started Session 1 of user vagrant.
[[0;32m  OK  [0m] Started User Manager for UID 1000.

Ubuntu 18.10 ubuntu-cosmic ttyS0

ubuntu-cosmic login: [[0;32m  OK  [0m] Started /run/user/1000 mount wrapper.
[[0;32m  OK  [0m] Created slice User Slice of UID 1000.
[[0;32m  OK  [0m] Started Session 3 of user vagrant.
         Starting User Manager for UID 1000...
         Mounting Mount unit for core, revision 6964...
[[0;32m  OK  [0m] Mounted Mount unit for core, revision 6964.
[[0;32m  OK  [0m] Started User Manager for UID 1000.
[[0;32m  OK  [0m] Stopped Snappy daemon.
         Starting Snappy daemon...
         Stopping User Manager for UID 1000...
[[0;32m  OK  [0m] Stopped User Manager for UID 1000.
         Stopping /run/user/1000 mount wrapper...
[[0;32m  OK  [0m] Removed slice User Slice of UID 1000.
[[0;32m  OK  [0m] Stopped /run/user/1000 mount wrapper.
[[0;32m  OK  [0m] Started Snappy daemon.
         Mounting Mount unit for lxd, revision 10756...
[[0;32m  OK  [0m] Mounted Mount unit for lxd, revision 10756.
[[0;32m  OK  [0m] Listening on Socket unix for snap application lxd.daemon.
         Starting Service for snap application lxd.activate...
[[0;32m  OK  [0m] Started Service for snap application lxd.activate.
[[0;32m  OK  [0m] Started Wait until snapd is fully seeded.
[[0;32m  OK  [0m] Reached target Multi-User System.
[[0;32m  OK  [0m] Reached target Graphical Interface.
         Starting Update UTMP about System Runlevel Changes...
         Starting Apply the settings specified in cloud-config...
[[0;32m  OK  [0m] Started Update UTMP about System Runlevel Changes.
[   29.293310] cloud-init[2351]: Cloud-init v. 19.1-1-gbaa47854-0ubuntu1~18.10.1 running 'modules:config' at Mon, 17 Jun 2019 15:38:21 +0000. Up 28.32 seconds.
[[0;32m  OK  [0m] Started Apply the settings specified in cloud-config.
         Starting Execute cloud user/final scripts...
ci-info: no authorized ssh keys fingerprints found for user ubuntu.
<14>Jun 17 15:38:23 ec2: 
<14>Jun 17 15:38:23 ec2: #############################################################
<14>Jun 17 15:38:23 ec2: -----BEGIN SSH HOST KEY FINGERPRINTS-----
<14>Jun 17 15:38:23 ec2: 1024 SHA256:POz4fggH9YvppmZLQ6fHYDlPlm+Kczc03J9B4F5Od7I root@ubuntu-cosmic (DSA)
<14>Jun 17 15:38:23 ec2: 256 SHA256:6MtBOXXporaV3RdhbiwV6Et4q/FMMWzTn/j9Y0vm4P0 root@ubuntu-cosmic (ECDSA)
<14>Jun 17 15:38:23 ec2: 256 SHA256:f2vBalFkiJ6n0maHP497+VFDnKt1Ds1JeS+lq2wfFVU root@ubuntu-cosmic (ED25519)
<14>Jun 17 15:38:23 ec2: 2048 SHA256:NVR7WbJ9UltHXchggmOTiMjUTR0+UiSaGPDwCwD6mKE root@ubuntu-cosmic (RSA)
<14>Jun 17 15:38:23 ec2: -----END SSH HOST KEY FINGERPRINTS-----
<14>Jun 17 15:38:23 ec2: #############################################################
-----BEGIN SSH HOST KEY KEYS-----
ecdsa-sha2-nistp256 AAAAE2VjZHNhLXNoYTItbmlzdHAyNTYAAAAIbmlzdHAyNTYAAABBBLRp6kTE+oMhyNS1zfXPuD/2F5QvyjsnP9HlFgfHBdOJEBMVT1EasW2MpgFlP7se4w3WhF3+4J6UyzCfpoMFmEs= root@ubuntu-cosmic
ssh-ed25519 AAAAC3NzaC1lZDI1NTE5AAAAIOixCZRGIRbRBiux+WET6XZyYtywMHhy1ZTjKtOrpJ2J root@ubuntu-cosmic
ssh-rsa AAAAB3NzaC1yc2EAAAADAQABAAABAQDkXCB2CiQoIbmynVmx9soQNlSdtMHhd7n3KxXAr7VaK0gc97Kxo3f8SqOZb6t3dUXc7P5wfMteuKIaUbpdsOA0lh0kN5FvKKCjfTYC7boMuoGnUun7aHo2yIqbZQv57l71h6REL/+f1OoHtXlNdqj/Np6vi/aqtEtNlZuAkhq/isyGsBNnKcZuPRGJ+bFPsLR3fgY3WsbHPE7O9Dm9d1og4Pbo1ClUtGohcn9mpA+PnpsovnWA1g+mqMqPFCN7FHKgzW/zMSz/k/Ke73mNvE6vKms4fjr0g/MbL0dcIbqlmdldvZsi3KNQZDbzYMfWO8lEQLDC0rjgn13w/t7W5GxZ root@ubuntu-cosmic
-----END SSH HOST KEY KEYS-----
[   30.423004] cloud-init[2394]: Cloud-init v. 19.1-1-gbaa47854-0ubuntu1~18.10.1 running 'modules:final' at Mon, 17 Jun 2019 15:38:23 +0000. Up 30.18 seconds.
[   30.426425] cloud-init[2394]: ci-info: no authorized ssh keys fingerprints found for user ubuntu.
[   30.429150] cloud-init[2394]: Cloud-init v. 19.1-1-gbaa47854-0ubuntu1~18.10.1 finished at Mon, 17 Jun 2019 15:38:23 +0000. Datasource DataSourceNoCloud [seed=/dev/sdb][dsmode=net].  Up 30.40 seconds
[[0;32m  OK  [0m] Started Execute cloud user/final scripts.
[[0;32m  OK  [0m] Reached target Cloud-init target.
[ 3373.251689] Out of memory: Kill process 31526 (git) score 828 or sacrifice child
[ 3373.254885] Killed process 31526 (git) total-vm:2529140kB, anon-rss:136892kB, file-rss:697280kB, shmem-rss:0kB
[[0;32m  OK  [0m] Stopped target Cloud-init target.
[[0;32m  OK  [0m] Stopped Execute cloud user/final scripts.
         Stopping Session 9 of user vagrant.
[[0;32m  OK  [0m] Stopped target Graphical Interface.
[[0;32m  OK  [0m] Stopped target Multi-User System.
         Stopping Virtualbox guest utils...
         Stopping Music Player Daemon...
[[0;32m  OK  [0m] Stopped target Login Prompts.
         Stopping Accounts Service...
         Stopping Create final runtime dir for shutdown pivot root...
[[0;32m  OK  [0m] Stopped target Timers.
[[0;32m  OK  [0m] Stopped Discard unused blocks once a week.
[[0;32m  OK  [0m] Stopped Daily apt upgrade and clean activities.
[[0;32m  OK  [0m] Stopped Daily apt download activities.
         Stopping Authorization Manager...
[[0;32m  OK  [0m] Stopped Daily rotation of log files.
         Stopping Regular background program processing daemon...
         Stopping System Logging Service...
         Stopping Deferred execution scheduler...
[[0;32m  OK  [0m] Stopped target Host and Network Name Lookups.
[[0;32m  OK  [0m] Stopped target System Time Synchronized.
         Stopping LSB: Record successful boot for GRUB...
         Stopping Session 8 of user vagrant.
         Stopping Availability of block devices...
         Stopping User Manager for UID 1000...
[[0;32m  OK  [0m] Stopped Apply the settings specified in cloud-config.
[[0;32m  OK  [0m] Stopped Wait until snapd is fully seeded.
[[0;32m  OK  [0m] Stopped target Cloud-config availability.
[[0;32m  OK  [0m] Stopped target Network is Online.
         Stopping Dispatcher daemon for systemd-networkd...
         Stopping D-Bus System Message Bus...
         Stopping Getty on tty1...
         Stopping LSB: automatic crash report generation...
[[0;32m  OK  [0m] Stopped Message of the Day.
         Stopping Disk Manager...
         Stopping OpenBSD Secure Shell server...
         Stopping Unattended Upgrades Shutdown...
[[0;32m  OK  [0m] Stopped Daily Cleanup of Temporary Directories.
         Stopping Serial Getty on ttyS0...
[[0;32m  OK  [0m] Closed Load/Save RF Kill Switch Status /dev/rfkill Watch.
         Stopping Snappy daemon...
         Stopping irqbalance daemon...
[[0;32m  OK  [0m] Stopped Deferred execution scheduler.
[[0;32m  OK  [0m] Stopped Dispatcher daemon for systemd-networkd.
[[0;32m  OK  [0m] Stopped Regular background program processing daemon.
[[0;32m  OK  [0m] Stopped irqbalance daemon.
[[0;32m  OK  [0m] Stopped Accounts Service.
[[0;32m  OK  [0m] Stopped System Logging Service.
[[0;32m  OK  [0m] Stopped Serial Getty on ttyS0.
[[0;32m  OK  [0m] Stopped Authorization Manager.
[[0;32m  OK  [0m] Stopped Getty on tty1.
[[0;32m  OK  [0m] Stopped Unattended Upgrades Shutdown.
[[0;32m  OK  [0m] Stopped OpenBSD Secure Shell server.
[[0;32m  OK  [0m] Stopped Snappy daemon.
[[0;32m  OK  [0m] Stopped User Manager for UID 1000.
[[0;32m  OK  [0m] Stopped Disk Manager.
[[0;32m  OK  [0m] Stopped D-Bus System Message Bus.
[[0;32m  OK  [0m] Stopped Session 9 of user vagrant.
         Stopping /run/user/1000 mount wrapper...
         Unmounting Mount unit for core18, revision 970...
         Unmounting Mount unit for core, revision 6964...
         Unmounting Mount unit for ponymix, revision 2...
[[0;32m  OK  [0m] Removed slice system-getty.slice.
[[0;32m  OK  [0m] Removed slice system-serial\x2dgetty.slice.
[[0;32m  OK  [0m] Stopped Music Player Daemon.
[[0;32m  OK  [0m] Unmounted Mount unit for core18, revision 970.
[[0;32m  OK  [0m] Stopped LSB: Record successful boot for GRUB.
[[0;32m  OK  [0m] Stopped Availability of block devices.
[[0;32m  OK  [0m] Unmounted Mount unit for core, revision 6964.
[[0;32m  OK  [0m] Unmounted /run/user/1000.
[[0;32m  OK  [0m] Stopped LSB: automatic crash report generation.
[[0;32m  OK  [0m] Unmounted Mount unit for ponymix, revision 2.
[[0;32m  OK  [0m] Stopped /run/user/1000 mount wrapper.
[[0;32m  OK  [0m] Removed slice system-user\x2druntime\x2ddir.slice.
[[0;32m  OK  [0m] Stopped Virtualbox guest utils.
[[0;32m  OK  [0m] Stopped Create final runtime dir for shutdown pivot root.
[[0;31m*[0;1;31m*[0m[0;31m*   [0m] A stop job is running for Session 8 of user vagrant (6s / 1min 30s)[K[ [0;31m*[0;1;31m*[0m[0;31m*  [0m] A stop job is running for Session 8 of user vagrant (6s / 1min 30s)[K[  [0;31m*[0;1;31m*[0m[0;31m* [0m] A stop job is running for Session 8 of user vagrant (7s / 1min 30s)[K[   [0;31m*[0;1;31m*[0m[0;31m*[0m] A stop job is running for Session 8 of user vagrant (7s / 1min 30s)[K[    [0;31m*[0;1;31m*[0m] A stop job is running for Session 8 of user vagrant (8s / 1min 30s)[K[     [0;31m*[0m] A stop job is running for Session 8 of user vagrant (8s / 1min 30s)[K[    [0;31m*[0;1;31m*[0m] A stop job is running for Session 8 of user vagrant (9s / 1min 30s)[K[   [0;31m*[0;1;31m*[0m[0;31m*[0m] A stop job is running for Session 8 of user vagrant (9s / 1min 30s)[K[  [0;31m*[0;1;31m*[0m[0;31m* [0m] A stop job is running for Session 8 of user vagrant (10s / 1min 30s)[K[ [0;31m*[0;1;31m*[0m[0;31m*  [0m] A stop job is running for Session 8 of user vagrant (10s / 1min 30s)[K[[0;31m*[0;1;31m*[0m[0;31m*   [0m] A stop job is running for Session 8 of user vagrant (11s / 1min 30s)[K[[0;1;31m*[0m[0;31m*    [0m] A stop job is running for Session 8 of user vagrant (11s / 1min 30s)[K[[0;32m  OK  [0m] Stopped Session 8 of user vagrant.
[[0;32m  OK  [0m] Removed slice User Slice of UID 1000.
         Stopping Login Service...
         Stopping Permit User Sessions...
[[0;32m  OK  [0m] Stopped Permit User Sessions.
[[0;32m  OK  [0m] Stopped target Remote File Systems.
[[0;32m  OK  [0m] Stopped target Remote File Systems (Pre).
[[0;32m  OK  [0m] Stopped target Network.
         Stopping Network Name Resolution...
[[0;32m  OK  [0m] Stopped Network Name Resolution.
[[0m[0;31m*     [0m] A stop job is running for Login Service (17s / 1min 42s)[K[[0;1;31m*[0m[0;31m*    [0m] A stop job is running for Login Service (17s / 1min 42s)[K[[0;31m*[0;1;31m*[0m[0;31m*   [0m] A stop job is running for Login Service (18s / 1min 42s)[K[ [0;31m*[0;1;31m*[0m[0;31m*  [0m] A stop job is running for Login Service (18s / 1min 42s)[K[  [0;31m*[0;1;31m*[0m[0;31m* [0m] A stop job is running for Login Service (19s / 1min 42s)[K[   [0;31m*[0;1;31m*[0m[0;31m*[0m] A stop job is running for Login Service (19s / 1min 42s)[K[    [0;31m*[0;1;31m*[0m] A stop job is running for Login Service (20s / 1min 42s)[K[     [0;31m*[0m] A stop job is running for Login Service (20s / 1min 42s)[K[    [0;31m*[0;1;31m*[0m] A stop job is running for Login Service (21s / 1min 42s)[K[   [0;31m*[0;1;31m*[0m[0;31m*[0m] A stop job is running for Login Service (21s / 1min 42s)[K[  [0;31m*[0;1;31m*[0m[0;31m* [0m] A stop job is running for Login Service (22s / 1min 42s)[K[ [0;31m*[0;1;31m*[0m[0;31m*  [0m] A stop job is running for Login Service (22s / 1min 42s)[K[[0;31m*[0;1;31m*[0m[0;31m*   [0m] A stop job is running for Login Service (23s / 1min 42s)[K[[0;1;31m*[0m[0;31m*    [0m] A stop job is running for Login Service (23s / 1min 42s)[K[[0m[0;31m*     [0m] A stop job is running for Login Service (24s / 1min 42s)[K[[0;1;31m*[0m[0;31m*    [0m] A stop job is running for Login Service (24s / 1min 42s)[K[[0;32m  OK  [0m] Stopped Login Service.
[[0;32m  OK  [0m] Stopped target User and Group Name Lookups.
[[0;32m  OK  [0m] Stopped target Basic System.
[[0;32m  OK  [0m] Stopped target Sockets.
[[0;32m  OK  [0m] Closed Open-iSCSI iscsid Socket.
[[0;32m  OK  [0m] Closed D-Bus System Message Bus Socket.
[[0;32m  OK  [0m] Closed Socket activation for snappy daemon.
[[0;32m  OK  [0m] Closed Syslog Socket.
[[0;32m  OK  [0m] Closed Socket unix for snap application lxd.daemon.
         Unmounting Mount unit for lxd, revision 10756...
[[0;32m  OK  [0m] Closed ACPID Listen Socket.
[[0;32m  OK  [0m] Closed UUID daemon activation socket.
[[0;32m  OK  [0m] Stopped target Paths.
[[0;32m  OK  [0m] Stopped ACPI Events Check.
[[0;32m  OK  [0m] Stopped target System Initialization.
[[0;32m  OK  [0m] Stopped target Local Encrypted Volumes.
[[0;32m  OK  [0m] Stopped Forward Password Requests to Wall Directory Watch.
         Stopping Update UTMP about System Boot/Shutdown...
[[0;32m  OK  [0m] Stopped Initial cloud-init job (metadata service crawler).
[[0;32m  OK  [0m] Stopped Wait for Network to be Configured.
         Stopping Network Service...
[[0;32m  OK  [0m] Stopped Commit a transient machine-id on disk.
         Stopping Load/Save Random Seed...
[[0;32m  OK  [0m] Stopped Dispatch Password Requests to Console Directory Watch.
[[0;32m  OK  [0m] Stopped target Slices.
[[0;32m  OK  [0m] Removed slice User and Session Slice.
[[0;32m  OK  [0m] Stopped Network Service.
[[0;32m  OK  [0m] Unmounted Mount unit for lxd, revision 10756.
[[0;32m  OK  [0m] Stopped Load/Save Random Seed.
[[0;32m  OK  [0m] Stopped target Network (Pre).
[[0;32m  OK  [0m] Stopped Initial cloud-init job (pre-networking).
[[0;32m  OK  [0m] Stopped Apply Kernel Variables.
[[0;32m  OK  [0m] Stopped Load Kernel Modules.
[[0;32m  OK  [0m] Stopped Update UTMP about System Boot/Shutdown.
[[0;32m  OK  [0m] Stopped Create Volatile Files and Directories.
[[0;32m  OK  [0m] Stopped target Local File Systems.
         Unmounting /run/snapd/ns/lxd.mnt...
         Unmounting /vagrant...
[[0;32m  OK  [0m] Unmounted /vagrant.
[[0;32m  OK  [0m] Unmounted /run/snapd/ns/lxd.mnt.
         Unmounting /run/snapd/ns...
[[0;32m  OK  [0m] Unmounted /run/snapd/ns.
[[0;32m  OK  [0m] Reached target Unmount All Filesystems.
[[0;32m  OK  [0m] Stopped target Local File Systems (Pre).
         Stopping Monitoring of LVM2 mirrorsâ€¦ng dmeventd or progress polling...
[[0;32m  OK  [0m] Stopped Create Static Device Nodes in /dev.
[[0;32m  OK  [0m] Stopped Create System Users.
[[0;32m  OK  [0m] Stopped Remount Root and Kernel File Systems.
[[0;32m  OK  [0m] Stopped target Swap.
[[0;32m  OK  [0m] Reached target Shutdown.
[[0;32m  OK  [0m] Reached target Final Step.
         Starting Power-Off...
[ 4403.618646] reboot: Power down
